my_srand:
; \$a0にrand\_stateを保存
                lui     $v0, (rand_state >> 16)
                jr      $ra
                sw      $a0, rand_state
my_rand:
; rand\_stateを\$v0にロード
                lui     $v1, (rand_state >> 16)
                lw      $v0, rand_state
                or      $at, $zero  ; ロード遅延スロット
; rand\_stateに1554525 (RNG\_a)を乗算した結果を\$v0に
                sll     $a1, $v0, 2
                sll     $a0, $v0, 4
                addu    $a0, $a1, $a0
                sll     $a1, $a0, 6
                subu    $a0, $a1, $a0
                addu    $a0, $v0
                sll     $a1, $a0, 5
                addu    $a0, $a1
                sll     $a0, 3
                addu    $v0, $a0, $v0
                sll     $a0, $v0, 2
                addu    $v0, $a0
; 1013904223 (RNG\_c)を加算
; LI命令はIDAがLUIとORIを合体したもの
                li      $a0, 0x3C6EF35F 
                addu    $v0, $a0
; rand\_stateを保存
                sw      $v0, (rand_state & 0xFFFF)($v1)
                jr      $ra
                andi    $v0, 0x7FFF ; 分岐遅延スロット
